��dnamelUnauthorizedeerror�estacky�Unauthorized: Claim {"can":"store/add"} is not authorized
  - Capability {"can":"store/add","with":"did:key:z6MkpjpZ8vWztsTsnuGNwXZWQNwvTNBVF35J8UAt7L99GfU3","nb":{"link":{"/":"bagbaieran3343acpuayodrho2ntj7y2zsqpjqvctjjnnjkklnwszatib4kwq"},"size":8057}} is not authorized because:
    - Capability can not be (self) issued by 'did:key:z4MXj1wBzi9jUstyPW4GJovtzU2BKG7Dgvvz2KgJTMtEEDU7Y2ff7VnjuryFj9KgcopJ2NyQD5R41xSsArPSZ2sMRzFfmPWRC4ebK8YcdUAFbRXGNosByyJbSLewueGFt3oop7GYuPVZr4RvGMfP8gHcNp3XQKbKpphAW65Jdv8xQKzsZ8dzaAd7t4GZg8jUFzzbLtpvW3eLiHosFWFS1UbBsnHw2LfdYi2C47FQAEcRG5sTb8DqoRZzvmbKJvFcZPUAJge4BypTLjmHythY8tKzmgRUKSqoR5qGvkL4Xhyuj7PhwxyKFPo7VFJtdSppgM3UN3PrAaZMQEK9ef7Thqjw3eowS6QwVaD5DsuMzFydq81mLCMda'
    - Delegated capability not found
    at null.claim (/node_modules/@ucanto/validator/src/lib.js:242:10)
    at Object.add (/node_modules/@ucanto/server/src/handler.js:21:27)
    at null.invoke2 (/node_modules/@ucanto/server/src/server.js:129:14)
    at null.execute2 (/node_modules/@ucanto/server/src/server.js:90:18)
    at null.handle (/node_modules/@ucanto/server/src/server.js:71:18)
    at null.ucanInvocationRouter (/upload-api/functions/ucan-invocation-router.js:87:20)
    at Runtime.handler (/node_modules/src/awslambda.ts:332:1)gmessagey�Claim {"can":"store/add"} is not authorized
  - Capability {"can":"store/add","with":"did:key:z6MkpjpZ8vWztsTsnuGNwXZWQNwvTNBVF35J8UAt7L99GfU3","nb":{"link":{"/":"bagbaieran3343acpuayodrho2ntj7y2zsqpjqvctjjnnjkklnwszatib4kwq"},"size":8057}} is not authorized because:
    - Capability can not be (self) issued by 'did:key:z4MXj1wBzi9jUstyPW4GJovtzU2BKG7Dgvvz2KgJTMtEEDU7Y2ff7VnjuryFj9KgcopJ2NyQD5R41xSsArPSZ2sMRzFfmPWRC4ebK8YcdUAFbRXGNosByyJbSLewueGFt3oop7GYuPVZr4RvGMfP8gHcNp3XQKbKpphAW65Jdv8xQKzsZ8dzaAd7t4GZg8jUFzzbLtpvW3eLiHosFWFS1UbBsnHw2LfdYi2C47FQAEcRG5sTb8DqoRZzvmbKJvFcZPUAJge4BypTLjmHythY8tKzmgRUKSqoR5qGvkL4Xhyuj7PhwxyKFPo7VFJtdSppgM3UN3PrAaZMQEK9ef7Thqjw3eowS6QwVaD5DsuMzFydq81mLCMda'
    - Delegated capability not found